\BOOKMARK [1][-]{section*.2}{\376\377\000M\000o\000t\000i\000v\000a\000t\000i\000o\000n}{}% 1
\BOOKMARK [2][-]{section*.3}{\376\377\000V\000i\000n\000d\000u\000e\000r}{section*.2}% 2
\BOOKMARK [2][-]{section*.4}{\376\377\000F\000r\000e\000k\000v\000e\000n\000s\000\040\000s\000a\000m\000p\000l\000i\000n\000g}{section*.2}% 3
\BOOKMARK [2][-]{section*.5}{\376\377\000E\000q\000u\000i\000r\000i\000p\000l\000e\000\040\000f\000i\000l\000t\000r\000e\000r\000i\000n\000g}{section*.2}% 4
\BOOKMARK [1][-]{section*.6}{\376\377\000U\000d\000l\000e\000d\000n\000i\000n\000g\000e\000r}{}% 5
\BOOKMARK [2][-]{section*.7}{\376\377\000F\000r\000a\000\040\000c\000o\000n\000v\000o\000l\000u\000t\000i\000o\000n\000\040\000t\000i\000l\000\040\000d\000i\000f\000f\000e\000r\000e\000n\000s\000\040\000l\000i\000g\000n\000i\000n\000g}{section*.6}% 6
\BOOKMARK [2][-]{section*.8}{\376\377\000Z\000\040\000t\000r\000a\000n\000s\000f\000o\000r\000m\000a\000t\000i\000o\000n\000\040\000-\000\040\000K\000o\000m\000p\000l\000e\000k\000s\000\040\000k\000o\000n\000j\000u\000g\000e\000r\000e\000d\000e\000\040\000p\000o\000l\000e\000r}{section*.6}% 7
\BOOKMARK [2][-]{section*.9}{\376\377\000Z\000\040\000t\000r\000a\000n\000s\000f\000o\000r\000m\000a\000t\000i\000o\000n\000\040\000-\000\040\000K\000o\000m\000p\000l\000e\000k\000s\000\040\000k\000o\000n\000j\000u\000g\000e\000r\000e\000d\000e\000\040\000p\000o\000l\000e\000r\000\040\000o\000g\000\040\000k\000o\000e\000f\000f\000i\000c\000i\000e\000n\000t\000e\000r}{section*.6}% 8
\BOOKMARK [2][-]{section*.10}{\376\377\000Z\000\040\000t\000r\000a\000n\000s\000f\000o\000r\000m\000a\000t\000i\000o\000n\000\040\000-\000\040\000E\000g\000e\000n\000s\000k\000a\000b\000e\000r}{section*.6}% 9
\BOOKMARK [2][-]{section*.11}{}{section*.6}% 10
\BOOKMARK [2][-]{section*.12}{\376\377\000Z\000\040\000t\000r\000a\000n\000s\000f\000o\000r\000m\000a\000t\000i\000o\000n\000\040\000-\000\040\000E\000g\000e\000n\000f\000u\000n\000k\000t\000i\000o\000n\000e\000r}{section*.6}% 11
\BOOKMARK [2][-]{section*.13}{\376\377\000Z\000\040\000t\000r\000a\000n\000s\000f\000o\000r\000m\000a\000t\000i\000o\000n\000\040\000-\000\040\000K\000a\000u\000s\000u\000l\000i\000t\000e\000t}{section*.6}% 12
\BOOKMARK [2][-]{section*.14}{\376\377\000Z\000\040\000t\000r\000a\000n\000s\000f\000o\000r\000m\000a\000t\000i\000o\000n\000\040\000-\000\040\000E\000k\000s\000p\000o\000n\000e\000n\000t\000i\000e\000l\000\040\000a\000f\000t\000a\000g\000e\000n\000d\000e}{section*.6}% 13
\BOOKMARK [2][-]{section*.15}{\376\377\000Z\000\040\000t\000r\000a\000n\000s\000f\000o\000r\000m\000a\000t\000i\000o\000n\000\040\000-\000\040\000A\000n\000t\000i\000\040\000k\000a\000u\000s\000u\000l\000\040\000e\000k\000s\000p\000o\000n\000e\000n\000t\000i\000e\000l\000\040\000a\000f\000t\000a\000g\000e\000n\000d\000e}{section*.6}% 14
\BOOKMARK [2][-]{section*.16}{\376\377\000Z\000\040\000t\000r\000a\000n\000s\000f\000o\000r\000m\000a\000t\000i\000o\000n\000\040\000-\000\040\000A\000n\000t\000i\000\040\000k\000a\000u\000s\000u\000l\000\040\000e\000k\000s\000p\000o\000n\000e\000n\000t\000i\000e\000l}{section*.6}% 15
\BOOKMARK [2][-]{section*.17}{\376\377\000Z\000\040\000e\000v\000a\000l\000u\000e\000r\000i\000n\000g\000\040\000-\000\040\000E\000g\000e\000n\000f\000u\000n\000k\000t\000i\000o\000n\000\040\000b\000r\000u\000g\000t\000\040\000t\000i\000l\000\040\000a\000t\000\040\000e\000v\000a\000l\000u\000e\000r\000e\000\040\000h\000a\000r\000m\000o\000n\000i\000s\000k\000\040\000s\000i\000g\000n\000a\000l\000\040\000p\000\345\000\040\000s\000i\000m\000p\000e\000l\000\040\000v\000i\000s}{section*.6}% 16
\BOOKMARK [2][-]{section*.18}{\376\377\000D\000T\000F\000T\000\040\000-\000\040\000n\000*\000\050\000a\000\051\000n\000u\000[\000n\000]}{section*.6}% 17
\BOOKMARK [2][-]{section*.19}{\376\377\000F\000i\000l\000t\000e\000r\000\040\000s\000t\000r\000u\000k\000t\000u\000r\000e\000r\000\040\000-\000\040\000D\000i\000r\000e\000c\000t\000\040\000F\000o\000r\000m\000\040\000I\000I\000\040\000i\000\040\000z\000\040\000d\000o\000m\000\346\000n\000e}{section*.6}% 18
\BOOKMARK [1][-]{section*.20}{\376\377\000F\000o\000r\000m\000e\000l\000s\000a\000m\000l\000i\000n\000g}{}% 19
\BOOKMARK [2][-]{section*.21}{\376\377\000Z\000\040\000t\000r\000a\000n\000s\000f\000o\000r\000m\000a\000t\000i\000o\000n\000\040\000-\000\040\000E\000k\000s\000p\000o\000n\000e\000n\000t\000i\000e\000l\000l\000e\000\040\000f\000u\000n\000k\000t\000i\000o\000n\000e\000r}{section*.20}% 20
\BOOKMARK [2][-]{section*.22}{\376\377\000Z\000\040\000t\000r\000a\000n\000s\000f\000o\000r\000m\000a\000t\000i\000o\000n\000\040\000-\000\040\000E\000g\000e\000n\000s\000k\000a\000b\000e\000r}{section*.20}% 21
\BOOKMARK [1][-]{section*.23}{\376\377\000\330\000v\000e\000l\000s\000e\000r}{}% 22
\BOOKMARK [2][-]{section*.25}{\376\377\000B\000l\000o\000k\000d\000i\000a\000g\000r\000a\000m\000m\000e\000r}{section*.23}% 23
\BOOKMARK [2][-]{section*.28}{\376\377\000S\000l\000\370\000r\000i\000n\000g\000\040\000o\000g\000\040\000a\000f\000s\000l\000\370\000r\000i\000n\000g\000\040\000a\000f\000\040\000b\000i\000l\000l\000e\000d\000e}{section*.23}% 24
\BOOKMARK [2][-]{section*.31}{\376\377\000H\000j\000a\000e\000r\000t\000e\000\040\000i\000m\000p\000u\000l\000s\000e\000r\000,\000\040\000o\000p\000g\000a\000v\000e\000\040\000o\000m\000\040\000E\000K\000G\000\040\000d\000a\000t\000a}{section*.23}% 25
\BOOKMARK [2][-]{section*.32}{\376\377\000T\000e\000m\000p\000e\000r\000a\000t\000u\000r\000e\000r\000,\000\040\000o\000p\000g\000a\000v\000e\000\040\000o\000m\000\040\000m\000o\000v\000i\000n\000g\000\040\000a\000v\000e\000r\000a\000g\000e\000\040\000f\000i\000l\000t\000r\000e\000r\000i\000n\000g}{section*.23}% 26
\BOOKMARK [2][-]{section*.33}{\376\377\0003\000D\000\040\000a\000u\000d\000i\000o\000,\000\040\000o\000p\000g\000a\000v\000e\000\040\000o\000m\000\040\000a\000t\000\040\000b\000r\000u\000g\000e\000\040\000s\000i\000g\000n\000a\000l\000p\000r\000o\000c\000e\000s\000s\000e\000r\000i\000n\000g\000\040\000t\000i\000l\000\040\000a\000t\000\040\000s\000t\000y\000r\000e\000\040\000h\000v\000o\000r\000\040\000l\000y\000d\000e\000n\000\040\000k\000o\000m\000m\000e\000r\000\040\000f\000r\000a}{section*.23}% 27
\BOOKMARK [2][-]{section*.39}{\376\377\000E\000k\000s\000e\000m\000p\000e\000l\000\040\0001\0000\000.\0004\000\040\000-\000\040\000V\000i\000n\000d\000u\000e\000\040\000d\000e\000s\000i\000g\000n\000\040\000u\000d\000\040\000f\000r\000a\000\040\000e\000t\000\040\000k\000a\000i\000s\000e\000r\000\040\000v\000i\000n\000d\000u\000e}{section*.23}% 28
\BOOKMARK [2][-]{section*.40}{\376\377\000E\000k\000s\000e\000m\000p\000e\000l\000\040\0001\0000\000.\0004\000\040\000-\000\040\000\050\000P\000\345\000\040\000n\000y\000\051\000\040\000V\000i\000n\000d\000u\000e\000\040\000d\000e\000s\000i\000g\000n\000\040\000u\000d\000\040\000f\000r\000a\000\040\000e\000t\000\040\000k\000a\000i\000s\000e\000r\000\040\000v\000i\000n\000d\000u\000e}{section*.23}% 29
\BOOKMARK [2][-]{section*.41}{\376\377\000E\000k\000s\000e\000m\000p\000e\000l\000\040\0001\0000\000.\0005\000\040\000-\000\040\000F\000r\000e\000k\000v\000e\000n\000s\000\040\000s\000a\000m\000p\000l\000i\000n\000g\000\040\000o\000g\000\040\000o\000v\000e\000r\000g\000a\000n\000g\000e\000.}{section*.23}% 30
\BOOKMARK [2][-]{section*.42}{\376\377\000E\000k\000s\000e\000m\000p\000e\000l\000\040\0001\0000\000.\0007\000\040\000-\000\040\000L\000a\000v\000p\000a\000s\000s\000\040\000l\000i\000n\000e\000\346\000r\000t\000\040\000f\000a\000s\000e\000\040\000f\000i\000l\000t\000e\000r}{section*.23}% 31
\BOOKMARK [2][-]{section*.43}{\376\377\000E\000k\000s\000e\000m\000p\000e\000l\000\040\0001\0000\000.\0008\000\040\000-\000\040\000B\000\345\000n\000d\000p\000a\000s\000s\000\040\000f\000i\000l\000t\000e\000r\000\040\000l\000a\000v\000e\000t\000\040\000i\000\040\000e\000k\000s\000e\000m\000p\000e\000l\000\040\0001\0000\000.\0004\000\040\000n\000u\000\040\000m\000e\000d\000\040\000e\000q\000u\000i\000r\000i\000p\000l\000e\000\040\000f\000i\000l\000t\000e\000r}{section*.23}% 32
\BOOKMARK [1][-]{section*.44}{\376\377\000E\000k\000s\000a\000m\000e\000n\000s\000o\000p\000g\000a\000v\000e\000r}{}% 33
\BOOKMARK [2][-]{section*.45}{\376\377\000E\000k\000s\000a\000m\000e\000n\000s\000s\000\346\000t\000\040\0002\0000\0002\0001}{section*.44}% 34
\BOOKMARK [2][-]{section*.59}{\376\377\000E\000k\000s\000a\000m\000e\000n\000s\000s\000\346\000t\000\040\0002\0000\0002\0001\000\040\000-\000\040\000R\000e\000t\000t\000e\000t}{section*.44}% 35
\BOOKMARK [2][-]{section*.71}{\376\377\000E\000k\000s\000a\000m\000e\000n\000s\000s\000\346\000t\000\040\0002\0000\0002\0002}{section*.44}% 36
\BOOKMARK [2][-]{section*.90}{\376\377\000E\000k\000s\000a\000m\000e\000n\000s\000s\000\346\000t\000\040\0002\0000\0002\0002\000\040\000-\000\040\000F\000o\000r\000b\000e\000d\000r\000i\000n\000g\000e\000r}{section*.44}% 37
\BOOKMARK [2][-]{section*.102}{\376\377\000E\000k\000s\000a\000m\000e\000n\000s\000s\000\346\000t\000\040\0002\0000\0002\0004\000\040\000O\000r\000d\000i\000n\000\346\000r}{section*.44}% 38
\BOOKMARK [2][-]{section*.123}{\376\377\000E\000k\000s\000a\000m\000e\000n\000s\000s\000\346\000t\000\040\0002\0000\0002\0004\000\040\000O\000r\000d\000i\000n\000\346\000r\000\040\000-\000\040\000N\000y\000t\000\040\000f\000o\000r\000s\000\370\000g}{section*.44}% 39
\BOOKMARK [1][-]{section*.145}{\376\377\000O\000p\000g\000a\000v\000e\000r}{}% 40
\BOOKMARK [2][-]{section*.148}{\376\377\000O\000p\000g\000a\000v\000e\000\040\000t\000i\000l\000\040\000k\000a\000p\000i\000t\000e\000l\000\040\0002\000\040\000-\000\040\000C\000o\000n\000v\000o\000l\000u\000t\000i\000o\000n\000\040\000p\000l\000o\000t}{section*.145}% 41
\BOOKMARK [2][-]{section*.149}{\376\377\000O\000p\000g\000a\000v\000e\000\040\0002\000.\0001\000\040\000-\000\040\000P\000l\000o\000t\000s\000\040\000a\000f\000\040\000f\000u\000n\000k\000t\000i\000o\000n\000e\000r}{section*.145}% 42
\BOOKMARK [2][-]{section*.150}{\376\377\000O\000p\000g\000a\000v\000e\000\040\0002\000.\0003\000\040\000-\000\040\000T\000i\000d\000s\000f\000o\000r\000s\000i\000n\000k\000e\000l\000s\000e\000r\000\040\000o\000g\000\040\000t\000i\000d\000s\000m\000o\000d\000s\000\346\000t\000n\000i\000n\000g\000e\000r}{section*.145}% 43
\BOOKMARK [2][-]{section*.151}{\376\377\000O\000p\000g\000a\000v\000e\000\040\0002\000.\0004\000\040\000-\000\040\000S\000e\000k\000v\000e\000n\000s\000e\000r}{section*.145}% 44
\BOOKMARK [2][-]{section*.152}{\376\377\000O\000p\000g\000a\000v\000e\000\040\0002\000.\0005\000\040\000-\000\040\000P\000e\000r\000i\000o\000d\000i\000c\000i\000t\000e\000t\000\040\000i\000\040\000s\000i\000g\000n\000a\000l\000e\000r}{section*.145}% 45
\BOOKMARK [2][-]{section*.156}{\376\377\000O\000p\000g\000a\000v\000e\000\040\0002\000.\0001\0001\000\040\000-\000\040\000E\000g\000e\000n\000s\000k\000a\000b\000e\000r\000\040\000i\000\040\000k\000o\000n\000v\000o\000l\000u\000t\000i\000o\000n\000\040\000t\000i\000l\000\040\000a\000t\000\040\000f\000i\000n\000d\000e\000\040\000y\000\040\000u\000d\000e\000n\000\040\000x\000\040\000\050\000V\000i\000g\000t\000i\000g\000\040\000\051}{section*.145}% 46
\BOOKMARK [2][-]{section*.159}{\376\377\000O\000p\000g\000a\000v\000e\000\040\0002\000.\0001\0007\000\040\000-\000\040\000A\000\040\000d\000i\000s\000c\000r\000e\000t\000e\000-\000T\000i\000m\000e\000\040\000s\000y\000s\000t\000e\000m\000\040\000b\000y\000\040\000d\000i\000f\000f\000e\000r\000e\000n\000c\000e\000\040\000e\000q\000u\000a\000t\000i\000o\000n}{section*.145}% 47
\BOOKMARK [2][-]{section*.164}{\376\377\000O\000p\000g\000a\000v\000e\000\040\0002\000.\0001\0009\000\040\000-\000\040\000R\000e\000c\000u\000r\000s\000i\000v\000e\000\040\000f\000i\000l\000t\000e\000r\000\040\000p\000\345\000\040\000l\000y\000d\000f\000i\000l}{section*.145}% 48
\BOOKMARK [2][-]{section*.166}{\376\377\000O\000p\000g\000a\000v\000e\000\040\0002\000.\0003\0003\000\040\000-\000\040\000F\000i\000l\000t\000r\000e\000r\000\040\000g\000i\000v\000n\000e\000\040\000s\000i\000g\000n\000a\000l\000e\000r}{section*.145}% 49
\BOOKMARK [2][-]{section*.170}{\376\377\000O\000p\000g\000a\000v\000e\000\040\0002\000.\0004\0000\000\040\000-\000\040\000S\000y\000s\000t\000e\000m\000\040\000e\000g\000e\000n\000s\000k\000a\000b\000e\000r\000\040\000u\000d\000\040\000f\000r\000a\000\040\000d\000i\000f\000f\000e\000r\000e\000n\000s\000\040\000l\000i\000g\000n\000i\000n\000g}{section*.145}% 50
\BOOKMARK [2][-]{section*.171}{\376\377\000O\000p\000g\000a\000v\000e\000\040\0002\000.\0005\0000\000\040\000-\000\040\000R\000e\000c\000u\000r\000s\000i\000v\000e\000\040\000S\000y\000s\000t\000e\000m}{section*.145}% 51
\BOOKMARK [2][-]{section*.177}{\376\377\000O\000p\000g\000a\000v\000e\000\040\0003\000.\0001\000\040\000-\000\040\000D\000e\000t\000e\000r\000m\000i\000n\000e\000\040\000t\000h\000e\000\040\000z\000-\000t\000r\000a\000n\000s\000f\000o\000r\000m\000\040\000a\000n\000d\000\040\000s\000k\000e\000t\000c\000h\000\040\000t\000h\000e\000\040\000p\000o\000l\000e\000-\000z\000e\000r\000o\000\040\000p\000l\000o\000t\000\040\000w\000i\000t\000h\000\040\000t\000h\000e\000\040\000R\000O\000C\000\040\000f\000o\000r\000\040\000e\000a\000c\000h\000\040\000o\000f\000\040\000t\000h\000e\000\040\000f\000o\000l\000l\000o\000w\000i\000n\000g\000\040\000s\000e\000q\000u\000e\000n\000c\000e\000s}{section*.145}% 52
\BOOKMARK [2][-]{section*.182}{\376\377\000O\000p\000g\000a\000v\000e\000\040\0003\000.\0003\000\040\000-\000\040\000B\000e\000v\000i\000s\000\040\000d\000e\000t\000\040\000f\000\370\000l\000g\000e\000n\000d\000e\000\040\000z\000\040\000t\000r\000a\000n\000s\000f\000o\000r\000m\000e\000r\000e\000d\000e\000\040\000p\000a\000r\000\040\000\045\000\040\000f\000o\000r\000k\000e\000r\000t}{section*.145}% 53
\BOOKMARK [2][-]{section*.183}{\376\377\000O\000p\000g\000a\000v\000e\000\040\0003\000.\0004\000\040\000-\000\040\000P\000a\000r\000t\000i\000a\000l\000\040\000f\000r\000a\000c\000t\000i\000o\000n\000\040\000t\000i\000l\000\040\000i\000n\000v\000e\000r\000s\000e\000\040\000Z\000\040\000t\000r\000a\000n\000s\000f\000o\000r\000m\000a\000t\000i\000o\000n}{section*.145}% 54
\BOOKMARK [2][-]{section*.184}{}{section*.145}% 55
\BOOKMARK [2][-]{section*.191}{\376\377\000O\000p\000g\000a\000v\000e\000\040\0003\000.\0006\000\040\000-\000\040\000Z\000-\000t\000r\000a\000n\000s\000f\000o\000r\000m\000\040\000u\000d\000\040\000f\000r\000a\000\040\000e\000g\000e\000n\000s\000k\000a\000b\000e\000r}{section*.145}% 56
\BOOKMARK [2][-]{section*.198}{\376\377\000O\000p\000g\000a\000v\000e\000\040\0003\000.\0001\0001\000\040\000-\000\040\000B\000e\000r\000e\000g\000n\000\040\000k\000o\000n\000v\000o\000l\000u\000t\000i\000o\000n\000e\000n}{section*.145}% 57
\BOOKMARK [2][-]{section*.201}{\376\377\000O\000p\000g\000a\000v\000e\000\040\0003\000.\0001\0004\000\040\000-\000\040\000G\000i\000v\000e\000n\000\040\000a\000\040\000c\000a\000u\000s\000a\000l\000\040\000s\000y\000s\000t\000e\000m\000,\000\040\000c\000o\000m\000p\000u\000t\000e\000\040\000i\000t\000s\000\040\000r\000e\000s\000p\000o\000n\000s\000e\000\040\000t\000o\000\040\000i\000n\000p\000u\000t\000s}{section*.145}% 58
\BOOKMARK [2][-]{section*.206}{\376\377\000O\000p\000g\000a\000v\000e\000\040\0003\000.\0001\0005\000\040\000-\000\040\000C\000o\000n\000s\000i\000d\000e\000r\000\040\000a\000\040\000L\000T\000I\000\040\000d\000e\000s\000c\000r\000i\000b\000e\000d\000\040\000b\000y\000\040\000d\000i\000f\000f\000e\000r\000e\000n\000s\000e\000q\000u\000a\000t\000i\000o\000n}{section*.145}% 59
\BOOKMARK [2][-]{section*.211}{\376\377\000O\000p\000g\000a\000v\000e\000\040\0003\000.\0001\0006\000\040\000-\000\040\000R\000e\000s\000p\000o\000n\000s\000e\000\040\000o\000f\000\040\000a\000\040\000L\000T\000I\000\040\000s\000y\000s\000t\000e\000m}{section*.145}% 60
\BOOKMARK [2][-]{section*.215}{\376\377\000O\000p\000g\000a\000v\000e\000\040\0003\000.\0001\0009\000\040\000-\000\040\000C\000o\000n\000s\000i\000d\000e\000r\000\040\000a\000\040\000c\000a\000u\000s\000a\000l\000\040\000L\000T\000I\000\040\000s\000y\000s\000t\000e\000m}{section*.145}% 61
\BOOKMARK [2][-]{section*.220}{\376\377\000O\000p\000g\000a\000v\000e\000\040\0003\000.\0002\0000\000\040\000-\000\040\000C\000o\000n\000s\000i\000d\000e\000r\000\040\000a\000\040\000c\000a\000u\000s\000a\000l\000\040\000s\000y\000s\000t\000e\000m\000\040\000w\000i\000t\000h\000\040\000i\000n\000p\000u\000t\000\040\000x\000[\000n\000]\000\040\000a\000n\000d\000\040\000o\000u\000t\000p\000u\000t\000\040\000y\000[\000n\000]}{section*.145}% 62
\BOOKMARK [2][-]{section*.225}{}{section*.145}% 63
\BOOKMARK [2][-]{section*.226}{\376\377\000O\000p\000g\000a\000v\000e\000\040\0005\000.\0002\000\040\000-\000\040\000L\000T\000I\000\040\000s\000y\000s\000t\000e\000m\000\040\000u\000d\000\040\000f\000r\000a\000\040\000d\000i\000f\000f\000e\000r\000e\000n\000s\000l\000i\000g\000n\000i\000n\000g}{section*.145}% 64
\BOOKMARK [2][-]{section*.232}{\376\377\000O\000p\000g\000a\000v\000e\000\040\0005\000.\0002\000\040\000-\000\040\000L\000T\000I\000\040\000s\000y\000s\000t\000e\000m\000\040\000u\000d\000\040\000f\000r\000a\000\040\000d\000i\000f\000f\000e\000r\000e\000n\000s\000l\000i\000g\000n\000i\000n\000g\000\040\000\050\000n\000y\000\051}{section*.145}% 65
\BOOKMARK [2][-]{section*.236}{}{section*.145}% 66
\BOOKMARK [2][-]{section*.240}{\376\377\000O\000p\000g\000a\000v\000e\000\040\0005\000.\0002\000\040\000-\000\040\000L\000T\000I\000\040\000s\000y\000s\000t\000e\000m\000\040\000u\000d\000\040\000f\000r\000a\000\040\000d\000i\000f\000f\000e\000r\000e\000n\000s\000l\000i\000g\000n\000i\000n\000g\000\040\000\050\000n\000y\000\040\000n\000y\000\040\000v\000i\000g\000t\000i\000g\000\040\000\051}{section*.145}% 67
\BOOKMARK [2][-]{section*.246}{\376\377\000O\000p\000g\000a\000v\000e\000\040\0005\000.\0004\000\040\000-\000\040\000G\000i\000v\000e\000t\000\040\000y\000\040\000o\000g\000\040\000x\000\040\000k\000a\000n\000\040\000j\000e\000g\000\040\000s\000i\000g\000e\000,\000\040\000a\000t\000\040\000d\000e\000t\000\040\000e\000r\000\040\000e\000t\000\040\000L\000T\000I\000\040\000s\000y\000s\000t\000e\000m\000?\000\040\000m\000m\000.\000.\000.}{section*.145}% 68
\BOOKMARK [2][-]{section*.250}{\376\377\000O\000p\000g\000a\000v\000e\000\040\0005\000.\0001\0006\000\040\000-\000\040\000M\000o\000d\000u\000l\000a\000t\000i\000o\000n\000\040\000t\000i\000l\000\040\000a\000t\000\040\000v\000i\000s\000e\000\040\000a\000t\000\040\000e\000n\000\040\000l\000a\000v\000p\000a\000s\000s\000\040\000k\000a\000n\000\040\000b\000l\000i\000v\000e\000\040\000t\000i\000l\000\040\000e\000t\000\040\000h\000\370\000j\000p\000a\000s\000s\000\040\000f\000i\000l\000t\000e\000r}{section*.145}% 69
\BOOKMARK [2][-]{section*.253}{\376\377\000O\000p\000g\000a\000v\000e\000\040\0005\000.\0003\0000\000\040\000-\000\040\000C\000o\000n\000s\000i\000d\000e\000r\000\040\000a\000\040\000s\000i\000g\000n\000a\000l}{section*.145}% 70
\BOOKMARK [2][-]{section*.258}{\376\377\000O\000p\000g\000a\000v\000e\000\040\0005\000.\0003\0001\000\040\000-\000\040\000B\000\345\000n\000d\000p\000a\000s\000s}{section*.145}% 71
\BOOKMARK [2][-]{section*.262}{\376\377\000O\000p\000g\000a\000v\000e\000\040\0005\000.\0003\0005\000\040\000-\000\040\000G\000r\000u\000p\000p\000e\000\040\000f\000o\000r\000s\000i\000n\000k\000e\000l\000s\000e}{section*.145}% 72
\BOOKMARK [2][-]{section*.266}{\376\377\000O\000p\000g\000a\000v\000e\000\040\0005\000.\0003\0008\000\040\000-\000\040\000F\000i\000l\000t\000e\000r\000\040\000d\000e\000s\000i\000g\000n\000\040\000u\000d\000\040\000f\000r\000a\000\040\000\370\000n\000s\000k\000e\000r}{section*.145}% 73
\BOOKMARK [2][-]{section*.270}{\376\377\000O\000p\000g\000a\000v\000e\000\040\0005\000.\0003\0009\000\040\000-\000\040\000F\000I\000R\000\040\000N\000o\000t\000c\000h\000\040\000f\000i\000l\000t\000r\000e\000r\000i\000n\000g}{section*.145}% 74
\BOOKMARK [2][-]{section*.275}{\376\377\000O\000p\000g\000a\000v\000e\000\040\0005\000.\0004\0008\000\040\000-\000\040\000S\000y\000s\000t\000e\000m\000s\000\040\000i\000n\000d\000v\000i\000r\000k\000n\000i\000n\000g\000\040\000p\000\345\000\040\000s\000i\000g\000n\000a\000l}{section*.145}% 75
\BOOKMARK [2][-]{section*.276}{\376\377\000O\000p\000g\000a\000v\000e\000\040\0005\000.\0005\0005\000\040\000-\000\040\000S\000y\000s\000t\000e\000m\000\040\000a\000n\000a\000l\000y\000s\000e\000\040\000o\000g\000\040\000t\000e\000o\000r\000i\000\040\000u\000d\000\040\000f\000r\000a\000\040\000p\000z\000m\000a\000p\000\040\000\050\000V\000i\000g\000t\000i\000g\000!\000\051}{section*.145}% 76
\BOOKMARK [2][-]{section*.282}{\376\377\000O\000p\000g\000a\000v\000e\000\040\0006\000.\0001\000\040\000-\000\040\000S\000p\000e\000c\000t\000r\000u\000m\000\040\000o\000f\000\040\000s\000a\000m\000p\000l\000e\000d\000\040\000d\000i\000s\000c\000r\000e\000t\000e\000\040\000s\000i\000g\000n\000a\000l\000\040\000x\000[\000n\000]}{section*.145}% 77
\BOOKMARK [2][-]{section*.286}{\376\377\000O\000p\000g\000a\000v\000e\000\040\0006\000.\0002\000\040\000-\000\040\000A\000l\000i\000a\000s\000i\000n\000g\000\040\000t\000e\000s\000t}{section*.145}% 78
\BOOKMARK [2][-]{section*.291}{\376\377\000O\000p\000g\000a\000v\000e\000\040\0006\000.\0001\0002\000\040\000-\000\040\000P\000r\000a\000k\000t\000i\000s\000k\000\040\000r\000e\000k\000o\000n\000s\000t\000r\000u\000e\000r\000i\000n\000g\000\040\000\050\000V\000i\000g\000t\000i\000g\000\040\000!\000\051}{section*.145}% 79
\BOOKMARK [2][-]{section*.297}{\376\377\000O\000p\000g\000a\000v\000e\000\040\0007\000.\0001\000\040\000-\000\040\000F\000T\000\040\000o\000g\000\040\000s\000y\000s\000t\000e\000m\000\040\000b\000e\000s\000k\000r\000i\000v\000e\000l\000s\000e\000,\000\040\000b\000e\000r\000e\000g\000n\000i\000n\000g\000\040\000m\000o\000d\000\040\000f\000f\000t\000\040\000\050\000V\000i\000g\000t\000i\000g\000\040\000!\000\051}{section*.145}% 80
\BOOKMARK [2][-]{section*.301}{\376\377\000O\000p\000g\000a\000v\000e\000\040\0007\000.\0003\000\040\000-\000\040\000D\000T\000F\000T\000\040\000m\000o\000d\000\040\000F\000F\000T}{section*.145}% 81
\BOOKMARK [2][-]{section*.306}{\376\377\000O\000p\000g\000a\000v\000e\000\040\0007\000.\0004\000\040\000-\000\040\000M\000a\000t\000r\000i\000x\000\040\000b\000e\000r\000e\000g\000n\000i\000n\000g\000\040\000\050\000K\000o\000m\000m\000e\000t\000\040\000h\000e\000r\000t\000i\000l\000,\000\040\000h\000a\000r\000\040\000i\000k\000k\000e\000\040\000k\000u\000n\000n\000e\000t\000\040\000b\000e\000v\000i\000s\000e\000\040\000b\000e\000v\000i\000s\000\051}{section*.145}% 82
\BOOKMARK [2][-]{section*.310}{\376\377\000O\000p\000g\000a\000v\000e\000\040\0007\000.\0005\000\040\000D\000e\000t\000e\000r\000m\000i\000n\000e\000\040\000t\000h\000e\000\040\000N\000\040\000p\000o\000i\000n\000t\000\040\000D\000F\000T\000s\000\040\000o\000f\000\040\000t\000h\000e\000\040\000f\000o\000l\000l\000o\000w\000i\000n\000g\000\040\000s\000e\000q\000u\000e\000n\000c\000e\000s\000\040\000d\000e\000f\000i\000n\000e\000d\000\040\000o\000v\000e\000r\000\040\0000\000n\000N}{section*.145}% 83
\BOOKMARK [2][-]{section*.311}{\376\377\000O\000p\000g\000a\000v\000e\000\040\0007\000.\0006\000\040\000-\000\040\000S\000h\000o\000w\000\040\000t\000h\000a\000t\000\040\000t\000h\000e\000\040\000D\000F\000T\000\040\000c\000o\000e\000f\000f\000i\000c\000i\000e\000n\000t\000s\000.\000.\000.}{section*.145}% 84
\BOOKMARK [2][-]{section*.312}{\376\377\000O\000p\000g\000a\000v\000e\000\040\0007\000.\0002\0004\000\040\000-\000\040\000U\000d\000l\000e\000d\000n\000i\000n\000g\000\040\000a\000f\000\040\000v\000e\000l\000k\000e\000n\000d\000t\000e\000\040\000v\000i\000n\000d\000u\000e\000r\000\040\000u\000d\000\040\000f\000r\000a\000\040\000d\000e\000n\000\040\000g\000e\000n\000e\000r\000e\000l\000l\000e\000\040\000v\000i\000n\000d\000u\000e\000\040\000f\000o\000r\000m\000e\000l}{section*.145}% 85
\BOOKMARK [2][-]{section*.316}{\376\377\000T\000w\000i\000d\000d\000l\000e\000\040\000f\000a\000c\000t\000o\000r\000s}{section*.145}% 86
\BOOKMARK [2][-]{section*.322}{\376\377\000D\000u\000a\000l\000-\000t\000o\000n\000e\000\040\000m\000u\000l\000t\000i\000f\000r\000e\000q\000u\000e\000n\000c\000y\000\040\000\050\000D\000T\000M\000F\000\051\000\040\000a\000n\000a\000l\000y\000s\000i\000s}{section*.145}% 87
\BOOKMARK [2][-]{section*.329}{\376\377\000O\000p\000g\000a\000v\000e\000\040\0009\000.\0001}{section*.145}% 88
\BOOKMARK [2][-]{section*.332}{\376\377\000O\000p\000g\000a\000v\000e\000\040\0009\000.\0002\000\040\000-\000\040\000S\000a\000m\000m\000e\000n\000l\000i\000g\000n\000\040\000f\000l\000o\000w\000c\000h\000a\000r\000t\000s}{section*.145}% 89
\BOOKMARK [2][-]{section*.334}{\376\377\000O\000p\000g\000a\000v\000e\000\040\0009\000.\0003}{section*.145}% 90
\BOOKMARK [2][-]{section*.337}{\376\377\000O\000p\000g\000a\000v\000e\000\040\0009\000.\0008\000\040\000-\000\040\000S\000y\000s\000t\000e\000m\000\040\000s\000t\000r\000u\000k\000t\000u\000r\000e\000r\000:\000\040\000K\000a\000s\000k\000a\000d\000e\000\040\000S\000O\000S\000\040\000i\000\040\000D\000F}{section*.145}% 91
\BOOKMARK [2][-]{section*.338}{\376\377\000O\000p\000g\000a\000v\000e\000\040\0009\000.\0001\0002\000c\000\040\000-\000\040\000S\000y\000s\000t\000e\000m\000\040\000s\000t\000r\000u\000k\000t\000u\000r\000\040\000:\000\040\000L\000i\000n\000\346\000r\000\040\000f\000a\000s\000e\000\040\000f\000o\000r\000m}{section*.145}% 92
\BOOKMARK [2][-]{section*.339}{\376\377\000O\000p\000g\000a\000v\000e\000\040\0009\000.\0002\0008}{section*.145}% 93
\BOOKMARK [2][-]{section*.342}{\376\377\000O\000p\000g\000a\000v\000e\000\040\0009\000.\0002\0009\000\040\000-\000\040\000U\000d\000l\000e\000d\000n\000i\000n\000g\000\040\000a\000f\000\040\000d\000i\000f\000f\000e\000r\000e\000n\000s\000\040\000l\000i\000g\000n\000i\000n\000g\000e\000r\000\040\000a\000f\000\040\000t\000o\000\040\000s\000y\000s\000t\000e\000m\000e\000r}{section*.145}% 94
\BOOKMARK [2][-]{section*.343}{\376\377\000O\000p\000g\000a\000v\000e\000\040\0009\000.\0002\0009\000\040\000-\000\040\000\050\000N\000y\000\040\000\051\000\040\000U\000d\000l\000e\000d\000n\000i\000n\000g\000\040\000a\000f\000\040\000d\000i\000f\000f\000e\000r\000e\000n\000s\000\040\000l\000i\000g\000n\000i\000n\000g\000e\000r\000\040\000a\000f\000\040\000t\000o\000\040\000s\000y\000s\000t\000e\000m\000e\000r}{section*.145}% 95
\BOOKMARK [2][-]{section*.345}{\376\377\000O\000p\000g\000a\000v\000e\000\040\0001\0000\000.\0001\000\040\000-\000\040\000F\000i\000l\000t\000e\000r\000\040\000k\000r\000a\000v}{section*.145}% 96
\BOOKMARK [2][-]{section*.348}{\376\377\000O\000p\000g\000a\000v\000e\000\040\0001\0000\000.\0004\000\040\000-\000\040\000F\000r\000e\000k\000v\000e\000n\000s\000\040\000r\000e\000s\000p\000o\000n\000s\000e\000\040\000m\000o\000d\000\040\000f\000r\000e\000k\000v\000e\000n\000s\000s\000a\000m\000p\000l\000i\000n\000g\000s\000\040\000\346\000k\000v\000i\000v\000a\000l\000e\000n\000t\000e}{section*.145}% 97
\BOOKMARK [2][-]{section*.351}{\376\377\000O\000p\000g\000a\000v\000e\000\040\0001\0000\000.\0001\0000}{section*.145}% 98
\BOOKMARK [2][-]{section*.353}{\376\377\000O\000p\000g\000a\000v\000e\000\040\0001\0000\000.\0001\0000\000\040\000-\000\040\000\050\000N\000y\000t\000\040\000f\000o\000r\000s\000\370\000g\000\051}{section*.145}% 99
\BOOKMARK [2][-]{section*.355}{\376\377\000O\000p\000g\000a\000v\000e\000\040\0001\0000\000.\0001\0000\000\040\000-\000\040\000\050\000N\000y\000t\000\040\000n\000y\000t\000\040\000f\000o\000r\000s\000\370\000g\000\051}{section*.145}% 100
\BOOKMARK [2][-]{section*.358}{\376\377\000O\000p\000g\000a\000v\000e\000\040\0001\0000\000.\0001\0001\000\040\000-\000\040\000C\000o\000n\000s\000i\000d\000e\000r\000\040\000a\000n\000\040\000i\000d\000e\000a\000l\000\040\000l\000o\000w\000p\000a\000s\000s\000\040\000f\000i\000l\000t\000e\000r\000\040\000w\000i\000t\000h\000\040\000c\000u\000t\000o\000f\000f\000\040\000f\000r\000e\000q\000u\000e\000n\000c\000y\000\040\000w\000c\000\040\000=\000\040\000/\0002}{section*.145}% 101
\BOOKMARK [2][-]{section*.362}{\376\377\000O\000p\000g\000a\000v\000e\000\040\0001\0000\000.\0001\0003\000\040\000-\000\040\000C\000h\000e\000b\000y\000s\000h\000e\000v\000\040\000p\000o\000l\000y\000n\000o\000m\000i\000a\000l\000s}{section*.145}% 102
\BOOKMARK [2][-]{section*.366}{\376\377\000O\000p\000g\000a\000v\000e\000\040\0001\0000\000.\0001\0004\000\040\000-\000\040\000F\000e\000j\000l\000\040\000e\000s\000t\000i\000m\000e\000r\000i\000n\000g}{section*.145}% 103
\BOOKMARK [2][-]{section*.369}{\376\377\000O\000p\000g\000a\000v\000e\000\040\0001\0000\000.\0002\0005\000\040\000-\000\040\000H\000a\000n\000n\000\040\000v\000i\000n\000d\000u\000e\000t\000\040\000b\000e\000d\000r\000e\000\040\000f\000o\000r\000s\000t\000\345\000e\000t}{section*.145}% 104
